../Core/Src/main.c:78:6:HAL_UART_RxCpltCallback	16	static
../Core/Src/main.c:91:6:HAL_TIM_PeriodElapsedCallback	24	static
../Core/Src/main.c:118:5:main	8	static
../Core/Src/main.c:171:6:SystemClock_Config	72	static
../Core/Src/main.c:211:13:MX_I2C1_Init	8	static
../Core/Src/main.c:245:13:MX_TIM1_Init	80	static
../Core/Src/main.c:322:13:MX_TIM4_Init	32	static
../Core/Src/main.c:367:13:MX_USART1_UART_Init	8	static
../Core/Src/main.c:400:13:MX_USART2_UART_Init	8	static
../Core/Src/main.c:433:13:MX_USART3_UART_Init	8	static
../Core/Src/main.c:466:13:MX_GPIO_Init	40	static
../Core/Src/main.c:502:6:Error_Handler	4	static,ignoring_inline_asm
